
> shopping-spree@0.0.0 test
> vitest --run


[1m[7m[36m RUN [39m[27m[22m [36mv2.1.9 [39m[90mC:/Projects/shopping-spree[39m


[31mΓÄ»ΓÄ»ΓÄ»ΓÄ»ΓÄ»ΓÄ»[1m[7m Unhandled Errors [27m[22mΓÄ»ΓÄ»ΓÄ»ΓÄ»ΓÄ»ΓÄ»[39m
[31m[1m
Vitest caught 2 unhandled errors during the test run.
This might cause false positive tests. Resolve unhandled errors to make sure your tests are not affected.[22m[39m

ΓÄ»ΓÄ»ΓÄ»ΓÄ»ΓÄ»ΓÄ» Unhandled Error ΓÄ»ΓÄ»ΓÄ»ΓÄ»ΓÄ»ΓÄ»ΓÄ»
Error: require() of ES Module C:\Projects\shopping-spree\node_modules\parse5\dist\index.js from C:\Projects\shopping-spree\node_modules\jsdom\lib\jsdom\browser\parser\html.js not supported.
Instead change the require of index.js in C:\Projects\shopping-spree\node_modules\jsdom\lib\jsdom\browser\parser\html.js to a dynamic import() which is available in all CommonJS modules.
 Γ¥» Object.<anonymous> node_modules/jsdom/lib/jsdom/browser/parser/html.js:3:16

ΓÄ»ΓÄ»ΓÄ»ΓÄ»ΓÄ»ΓÄ»ΓÄ»ΓÄ»ΓÄ»ΓÄ»ΓÄ»ΓÄ»ΓÄ»ΓÄ»ΓÄ»ΓÄ»ΓÄ»ΓÄ»ΓÄ»ΓÄ»ΓÄ»ΓÄ»ΓÄ»ΓÄ»ΓÄ»ΓÄ»ΓÄ»ΓÄ»ΓÄ»ΓÄ»
Serialized Error: { code: 'ERR_REQUIRE_ESM' }

ΓÄ»ΓÄ»ΓÄ»ΓÄ»ΓÄ»ΓÄ» Unhandled Error ΓÄ»ΓÄ»ΓÄ»ΓÄ»ΓÄ»ΓÄ»ΓÄ»
Error: require() of ES Module C:\Projects\shopping-spree\node_modules\parse5\dist\index.js from C:\Projects\shopping-spree\node_modules\jsdom\lib\jsdom\browser\parser\html.js not supported.
Instead change the require of index.js in C:\Projects\shopping-spree\node_modules\jsdom\lib\jsdom\browser\parser\html.js to a dynamic import() which is available in all CommonJS modules.
 Γ¥» Object.<anonymous> node_modules/jsdom/lib/jsdom/browser/parser/html.js:3:16

ΓÄ»ΓÄ»ΓÄ»ΓÄ»ΓÄ»ΓÄ»ΓÄ»ΓÄ»ΓÄ»ΓÄ»ΓÄ»ΓÄ»ΓÄ»ΓÄ»ΓÄ»ΓÄ»ΓÄ»ΓÄ»ΓÄ»ΓÄ»ΓÄ»ΓÄ»ΓÄ»ΓÄ»ΓÄ»ΓÄ»ΓÄ»ΓÄ»ΓÄ»ΓÄ»
Serialized Error: { code: 'ERR_REQUIRE_ESM' }
[31mΓÄ»ΓÄ»ΓÄ»ΓÄ»ΓÄ»ΓÄ»ΓÄ»ΓÄ»ΓÄ»ΓÄ»ΓÄ»ΓÄ»ΓÄ»ΓÄ»ΓÄ»ΓÄ»ΓÄ»ΓÄ»ΓÄ»ΓÄ»ΓÄ»ΓÄ»ΓÄ»ΓÄ»ΓÄ»ΓÄ»ΓÄ»ΓÄ»ΓÄ»ΓÄ»[39m

[2m Test Files [22m [2mno tests[22m
[2m      Tests [22m [2mno tests[22m
[2m     Errors [22m [1m[31m2 errors[39m[22m
[2m   Start at [22m 15:31:10
[2m   Duration [22m 2.78s[2m (transform 16ms, setup 0ms, collect 0ms, tests 0ms, environment 0ms, prepare 0ms)[22m

